
> rag-knowledge-base@1.0.0 remotion /Users/gongzhen/code/2025/hzm/studyAI
> remotion studio src/remotion/index.tsx "studio" "src/remotion/index.tsx" "--port" "3002"

node:fs:441
    return binding.readFileUtf8(path, stringToFlags(options.flag));
                   ^

Error: EPERM: operation not permitted, open '/Users/gongzhen/code/2025/hzm/studyAI/node_modules/.pnpm/path-key@3.1.1/node_modules/path-key/index.js'
    at Object.readFileSync (node:fs:441:20)
    at defaultLoadImpl (node:internal/modules/cjs/loader:1105:17)
    at loadSource (node:internal/modules/cjs/loader:1733:20)
    at Object..js (node:internal/modules/cjs/loader:1832:44)
    at Module.load (node:internal/modules/cjs/loader:1441:32)
    at Function._load (node:internal/modules/cjs/loader:1263:12)
    at TracingChannel.traceSync (node:diagnostics_channel:328:14)
    at wrapModuleLoad (node:internal/modules/cjs/loader:237:24)
    at Module.require (node:internal/modules/cjs/loader:1463:12)
    at require (node:internal/modules/helpers:147:16) {
  errno: -1,
  code: 'EPERM',
  syscall: 'open',
  path: '/Users/gongzhen/code/2025/hzm/studyAI/node_modules/.pnpm/path-key@3.1.1/node_modules/path-key/index.js'
}

Node.js v22.21.1
 ELIFECYCLE  Command failed with exit code 1.
